
[DEBUG] Node 0: processing 8 proposals
  Proposal: [18, 6, 10] -> tuple (6, 10, 18)
    -> Added to global_seen_states
    -> Child 1 created and added to next_queue
  Proposal: [81, 6, 10] -> tuple (6, 10, 81)
    -> Added to global_seen_states
    -> Child 2 created and added to next_queue
  Proposal: [4, 9, 9] -> tuple (4, 9, 9)
    -> Added to global_seen_states
    -> Child 3 created and added to next_queue
  Proposal: [1, 6, 9] -> tuple (1, 6, 9)
    -> Added to global_seen_states
    -> Child 4 created and added to next_queue
  Proposal: [54, 9, 10] -> tuple (9, 10, 54)
    -> Added to global_seen_states
    -> Child 5 created and added to next_queue
  Proposal: [16, 9, 9] -> tuple (9, 9, 16)
    -> Added to global_seen_states
    -> Child 6 created and added to next_queue
  Proposal: [1.5, 9, 10] -> tuple (1.5, 9, 10)
    -> Added to global_seen_states
    -> Child 7 created and added to next_queue
  Proposal: [0, 6, 10] -> tuple (0, 6, 10)
    -> Added to global_seen_states
    -> Child 8 created and added to next_queue

[DEBUG] Node 7: processing 8 proposals
  Proposal: [15.0, 9] -> tuple (9, 15.0)
    -> Added to global_seen_states
    -> Child 9 created and added to next_queue
  Proposal: [90, 1.5] -> tuple (1.5, 90)
    -> HARD PRUNE (2-num cache): [90, 1.5]
  Proposal: [19, 1.5] -> tuple (1.5, 19)
    -> HARD PRUNE (2-num cache): [19, 1.5]
  Proposal: [1, 1.5] -> tuple (1, 1.5)
    -> HARD PRUNE (2-num cache): [1, 1.5]
  Proposal: [8.5, 9] -> tuple (8.5, 9)
    -> HARD PRUNE (2-num cache): [8.5, 9]
  Proposal: [6.666666666666667, 9] -> tuple (6.666666666666667, 9)
    -> HARD PRUNE (2-num cache): [6.666666666666667, 9]
  Proposal: [10.5, 10] -> tuple (10, 10.5)
    -> HARD PRUNE (2-num cache): [10.5, 10]
  Proposal: [7.5, 10] -> tuple (7.5, 10)
    -> HARD PRUNE (2-num cache): [7.5, 10]

[DEBUG] Node 1: processing 8 proposals
  Proposal: [24, 10] -> tuple (10, 24)
    -> HARD PRUNE (2-num cache): [24, 10]
  Proposal: [28, 6] -> tuple (6, 28)
    -> HARD PRUNE (2-num cache): [28, 6]
  Proposal: [12, 10] -> tuple (10, 12)
    -> HARD PRUNE (2-num cache): [12, 10]
  Proposal: [8, 6] -> tuple (6, 8)
    -> HARD PRUNE (2-num cache): [8, 6]
  Proposal: [60, 18] -> tuple (18, 60)
    -> HARD PRUNE (2-num cache): [60, 18]
  Proposal: [3.0, 10] -> tuple (3.0, 10)
    -> HARD PRUNE (2-num cache): [3.0, 10]
  Proposal: [1.8, 6] -> tuple (1.8, 6)
    -> HARD PRUNE (2-num cache): [1.8, 6]
  Proposal: [-8, 6] -> tuple (-8, 6)
    -> HARD PRUNE (2-num cache): [-8, 6]

[DEBUG] Node 2: processing 8 proposals
  Proposal: [75, 10] -> tuple (10, 75)
    -> HARD PRUNE (2-num cache): [75, 10]
  Proposal: [-75, 10] -> tuple (-75, 10)
    -> HARD PRUNE (2-num cache): [-75, 10]
  Proposal: [71, 6] -> tuple (6, 71)
    -> HARD PRUNE (2-num cache): [71, 6]
  Proposal: [-71, 6] -> tuple (-71, 6)
    -> HARD PRUNE (2-num cache): [-71, 6]
  Proposal: [87, 10] -> tuple (10, 87)
    -> HARD PRUNE (2-num cache): [87, 10]
  Proposal: [91, 6] -> tuple (6, 91)
    -> HARD PRUNE (2-num cache): [91, 6]
  Proposal: [486, 10] -> tuple (10, 486)
    -> HARD PRUNE (2-num cache): [486, 10]
  Proposal: [13.5, 10] -> tuple (10, 13.5)
    -> HARD PRUNE (2-num cache): [13.5, 10]

[DEBUG] Node 3: processing 8 proposals
  Proposal: [13, 9] -> tuple (9, 13)
    -> HARD PRUNE (2-num cache): [13, 9]
  Proposal: [36, 9] -> tuple (9, 36)
    -> HARD PRUNE (2-num cache): [36, 9]
  Proposal: [5, 9] -> tuple (5, 9)
    -> HARD PRUNE (2-num cache): [5, 9]
  Proposal: [-5, 9] -> tuple (-5, 9)
    -> HARD PRUNE (2-num cache): [-5, 9]
  Proposal: [2.25, 9] -> tuple (2.25, 9)
    -> HARD PRUNE (2-num cache): [2.25, 9]
  Proposal: [0.4444444444444444, 9] -> tuple (0.4444444444444444, 9)
    -> HARD PRUNE (2-num cache): [0.4444444444444444, 9]
  Proposal: [18, 4] -> tuple (4, 18)
    -> HARD PRUNE (2-num cache): [18, 4]
  Proposal: [81, 4] -> tuple (4, 81)
    -> HARD PRUNE (2-num cache): [81, 4]

[DEBUG] Node 4: processing 7 proposals
  Proposal: [54, 1] -> tuple (1, 54)
    -> HARD PRUNE (2-num cache): [54, 1]
  Proposal: [15, 1] -> tuple (1, 15)
    -> HARD PRUNE (2-num cache): [15, 1]
  Proposal: [8, 6] -> tuple (6, 8)
    -> HARD PRUNE (2-num cache): [8, 6]
  Proposal: [3, 1] -> tuple (1, 3)
    -> HARD PRUNE (2-num cache): [3, 1]
  Proposal: [9.0, 6] -> tuple (6, 9.0)
    -> HARD PRUNE (2-num cache): [9.0, 6]
  Proposal: [-3, 1] -> tuple (-3, 1)
    -> HARD PRUNE (2-num cache): [-3, 1]
  Proposal: [7, 9] -> tuple (7, 9)
    -> HARD PRUNE (2-num cache): [7, 9]

[DEBUG] Node 9: processing 1 proposals
  Proposal: [24.0] -> tuple (24.0,)
    -> Added to global_seen_states
    -> Child 11 created and added to next_queue

[DEBUG] Node 0: processing 8 proposals
  Proposal: [11, 9, 11] -> tuple (9, 11, 11)
    -> Added to global_seen_states
    -> Child 1 created and added to next_queue
  Proposal: [1, 9, 11] -> tuple (1, 9, 11)
    -> Added to global_seen_states
    -> Child 2 created and added to next_queue
  Proposal: [30, 9, 11] -> tuple (9, 11, 30)
    -> Added to global_seen_states
    -> Child 3 created and added to next_queue
  Proposal: [1.2, 9, 11] -> tuple (1.2, 9, 11)
    -> Added to global_seen_states
    -> Child 4 created and added to next_queue
  Proposal: [14, 6, 11] -> tuple (6, 11, 14)
    -> Added to global_seen_states
    -> Child 5 created and added to next_queue
  Proposal: [4, 6, 11] -> tuple (4, 6, 11)
    -> Added to global_seen_states
    -> Child 6 created and added to next_queue
  Proposal: [45, 6, 11] -> tuple (6, 11, 45)
    -> Added to global_seen_states
    -> Child 7 created and added to next_queue
  Proposal: [1.8, 6, 11] -> tuple (1.8, 6, 11)
    -> Added to global_seen_states
    -> Child 8 created and added to next_queue

[DEBUG] Node 3: processing 8 proposals
  Proposal: [21, 11] -> tuple (11, 21)
    -> HARD PRUNE (2-num cache): [21, 11]
  Proposal: [-21, 11] -> tuple (-21, 11)
    -> HARD PRUNE (2-num cache): [-21, 11]
  Proposal: [19, 9] -> tuple (9, 19)
    -> HARD PRUNE (2-num cache): [19, 9]
  Proposal: [-19, 9] -> tuple (-19, 9)
    -> HARD PRUNE (2-num cache): [-19, 9]
  Proposal: [39, 11] -> tuple (11, 39)
    -> HARD PRUNE (2-num cache): [39, 11]
  Proposal: [41, 9] -> tuple (9, 41)
    -> HARD PRUNE (2-num cache): [41, 9]
  Proposal: [270, 11] -> tuple (11, 270)
    -> HARD PRUNE (2-num cache): [270, 11]
  Proposal: [3.3333333333333335, 11] -> tuple (3.3333333333333335, 11)
    -> HARD PRUNE (2-num cache): [3.3333333333333335, 11]

[DEBUG] Node 2: processing 7 proposals
  Proposal: [10, 11] -> tuple (10, 11)
    -> HARD PRUNE (2-num cache): [10, 11]
  Proposal: [12, 9] -> tuple (9, 12)
    -> HARD PRUNE (2-num cache): [12, 9]
  Proposal: [20, 1] -> tuple (1, 20)
    -> HARD PRUNE (2-num cache): [20, 1]
  Proposal: [9, 11] -> tuple (9, 11)
    -> HARD PRUNE (2-num cache): [9, 11]
  Proposal: [8, 11] -> tuple (8, 11)
    -> HARD PRUNE (2-num cache): [8, 11]
  Proposal: [10, 9] -> tuple (9, 10)
    -> HARD PRUNE (2-num cache): [10, 9]
  Proposal: [2, 1] -> tuple (1, 2)
    -> HARD PRUNE (2-num cache): [2, 1]

[DEBUG] Node 4: processing 8 proposals
  Proposal: [99, 1.2] -> tuple (1.2, 99)
    -> HARD PRUNE (2-num cache): [99, 1.2]
  Proposal: [20, 1.2] -> tuple (1.2, 20)
    -> Added to global_seen_states
    -> Child 9 created and added to next_queue
  Proposal: [13.2, 9] -> tuple (9, 13.2)
    -> HARD PRUNE (2-num cache): [13.2, 9]
  Proposal: [10.799999999999999, 11] -> tuple (10.799999999999999, 11)
    -> HARD PRUNE (2-num cache): [10.799999999999999, 11]
  Proposal: [2, 1.2] -> tuple (1.2, 2)
    -> HARD PRUNE (2-num cache): [2, 1.2]
  Proposal: [9.166666666666668, 9] -> tuple (9, 9.166666666666668)
    -> HARD PRUNE (2-num cache): [9.166666666666668, 9]
  Proposal: [7.5, 11] -> tuple (7.5, 11)
    -> HARD PRUNE (2-num cache): [7.5, 11]
  Proposal: [9.8, 9] -> tuple (9, 9.8)
    -> HARD PRUNE (2-num cache): [9.8, 9]

[DEBUG] Node 6: processing 8 proposals
  Proposal: [10, 11] -> tuple (10, 11)
    -> HARD PRUNE (2-num cache): [10, 11]
  Proposal: [2, 11] -> tuple (2, 11)
    -> HARD PRUNE (2-num cache): [2, 11]
  Proposal: [24, 11] -> tuple (11, 24)
    -> HARD PRUNE (2-num cache): [24, 11]
  Proposal: [1.5, 11] -> tuple (1.5, 11)
    -> HARD PRUNE (2-num cache): [1.5, 11]
  Proposal: [15, 6] -> tuple (6, 15)
    -> HARD PRUNE (2-num cache): [15, 6]
  Proposal: [7, 6] -> tuple (6, 7)
    -> HARD PRUNE (2-num cache): [7, 6]
  Proposal: [44, 6] -> tuple (6, 44)
    -> HARD PRUNE (2-num cache): [44, 6]
  Proposal: [17, 4] -> tuple (4, 17)
    -> HARD PRUNE (2-num cache): [17, 4]

[DEBUG] Node 7: processing 8 proposals
  Proposal: [51, 11] -> tuple (11, 51)
    -> HARD PRUNE (2-num cache): [51, 11]
  Proposal: [39, 11] -> tuple (11, 39)
    -> HARD PRUNE (2-num cache): [39, 11]
  Proposal: [-39, 11] -> tuple (-39, 11)
    -> HARD PRUNE (2-num cache): [-39, 11]
  Proposal: [270, 11] -> tuple (11, 270)
    -> HARD PRUNE (2-num cache): [270, 11]
  Proposal: [7.5, 11] -> tuple (7.5, 11)
    -> HARD PRUNE (2-num cache): [7.5, 11]
  Proposal: [0.13333333333333333, 11] -> tuple (0.13333333333333333, 11)
    -> HARD PRUNE (2-num cache): [0.13333333333333333, 11]
  Proposal: [56, 6] -> tuple (6, 56)
    -> HARD PRUNE (2-num cache): [56, 6]
  Proposal: [34, 6] -> tuple (6, 34)
    -> HARD PRUNE (2-num cache): [34, 6]

[DEBUG] Node 9: processing 1 proposals
  Proposal: [24.0] -> tuple (24.0,)
    -> Added to global_seen_states
    -> Child 11 created and added to next_queue
